     1                                 %line 1+1 hello.asm
     2                                 
     3                                 
     4                                 
     5                                 
     6                                 
     7                                 
     8                                 
     9                                 
    10 00000000 48656C6C6F20576F72-    msg: db "Hello World",10
    11 00000000 6C640A             
    12                                 len: equ $-msg
    13                                 
    14                                 
    15                                 
    16                                 [global main]
    17                                 main:
    18                                 
    19 0000000C BA0C000000              mov edx,len
    20 00000011 B9[00000000]            mov ecx,msg
    21 00000016 BB01000000              mov ebx,1
    22 0000001B B804000000              mov eax,4
    23 00000020 CD80                    int 0x80
    24                                 
    25 00000022 BB00000000              mov ebx,0
    26 00000027 B801000000              mov eax,1
    27 0000002C CD80                    int 0x80
